============================================================
  Generated by:           Genus(TM) Synthesis Solution 21.14-s082_1
  Generated on:           May 12 2026  10:24:31 pm
  Module:                 ECC_Cache_System
  Operating conditions:   slow 
  Interconnect mode:      global
  Area mode:              physical library
============================================================

Timing
--------

Clock  Period 
--------------
clk   10000.0 


  Cost    Critical         Violating 
 Group   Path Slack  TNS     Paths   
-------------------------------------
clk          2917.4   0.0          0 
default    No paths   0.0            
-------------------------------------
Total                 0.0          0 

Instance Count
--------------
Leaf Instance Count             813 
Physical Instance count           0 
Sequential Instance Count       276 
Combinational Instance Count    537 
Hierarchical Instance Count       0 

Area
----
Cell Area                          3729.459
Physical Cell Area                 0.000
Total Cell Area (Cell+Physical)    3729.459
Net Area                           1028.574
Total Area (Cell+Physical+Net)     4758.033

Max Fanout                         276 (clk)
Min Fanout                         0 (n_272)
Average Fanout                     3.0
Terms to net ratio                 4.2824
Terms to instance ratio            4.5510
Runtime                            39.145920000000004 seconds
Elapsed Runtime                    93 seconds
Genus peak memory usage            1664.74 
Innovus peak memory usage          no_value 
Hostname                           vlsi11.blr.amrita.edu
