============================================================
  Generated by:           Genus(TM) Synthesis Solution 21.14-s082_1
  Generated on:           May 12 2026  10:24:31 pm
  Module:                 ECC_Cache_System
  Operating conditions:   slow 
  Interconnect mode:      global
  Area mode:              physical library
============================================================

                               
   Gate    Instances    Area      Library   
--------------------------------------------
ADDHXL             1     4.788    gpdk045bc 
AND2X1            18    30.780    gpdk045bc 
AND2X2            13    26.676    gpdk045bc 
AND3XL             3     6.156    gpdk045bc 
AND4XL             2     4.788    gpdk045bc 
AO21X1             2     4.788    gpdk045bc 
AO21X2             1     2.736    gpdk045bc 
AO22XL            13    35.568    gpdk045bc 
AOI211XL           3     6.156    gpdk045bc 
AOI21XL            8    13.680    gpdk045bc 
AOI221X1          14    43.092    gpdk045bc 
AOI222X1          26    80.028    gpdk045bc 
AOI22X1           50   119.700    gpdk045bc 
AOI2BB1X1          5    10.260    gpdk045bc 
AOI2BB1X4          1     4.104    gpdk045bc 
AOI31X1            1     2.052    gpdk045bc 
AOI32XL            1     2.736    gpdk045bc 
AOI33X1            1     2.736    gpdk045bc 
DFFRHQX2          31   243.846    gpdk045bc 
INVX1             47    32.550    gpdk045bc 
MX2XL              5    13.680    gpdk045bc 
MXI2XL             5    11.970    gpdk045bc 
NAND2BX1          16    22.298    gpdk045bc 
NAND2BX4           1     3.497    gpdk045bc 
NAND2X1           41    42.767    gpdk045bc 
NAND2X4            1     3.420    gpdk045bc 
NAND3BXL           1     1.778    gpdk045bc 
NAND4BX1          23    55.062    gpdk045bc 
NAND4X1            1     2.052    gpdk045bc 
NOR2BX1            4     6.840    gpdk045bc 
NOR2X1             3     4.104    gpdk045bc 
NOR2XL            28    28.728    gpdk045bc 
NOR3BX1            2     4.104    gpdk045bc 
OA21X1             2     4.788    gpdk045bc 
OAI211X1          10    20.520    gpdk045bc 
OAI21XL           18    30.780    gpdk045bc 
OAI221X1           4    10.944    gpdk045bc 
OAI222X1           5    15.390    gpdk045bc 
OAI22XL           13    26.676    gpdk045bc 
OAI2BB1X1         29    59.508    gpdk045bc 
OAI2BB2XL          1     3.762    gpdk045bc 
OAI31X1            5    10.260    gpdk045bc 
OAI33X1            7    19.152    gpdk045bc 
OR2X1             11    18.810    gpdk045bc 
OR2X2              1     2.052    gpdk045bc 
OR4X1              1     2.394    gpdk045bc 
SDFFRHQX1        245  2346.120    gpdk045bc 
XNOR2X1           25    76.950    gpdk045bc 
XNOR2X4            1     4.104    gpdk045bc 
XOR2X1            46   141.588    gpdk045bc 
XOR2X2            17    58.140    gpdk045bc 
--------------------------------------------
total            813  3729.459              


                                         
     Type      Instances   Area   Area % 
-----------------------------------------
sequential           276 2589.966   69.4 
inverter              47   32.550    0.9 
logic                490 1106.943   29.7 
physical_cells         0    0.000    0.0 
-----------------------------------------
total                813 3729.459  100.0 

