============================================================
  Generated by:           Genus(TM) Synthesis Solution 21.14-s082_1
  Generated on:           May 12 2026  10:24:31 pm
  Module:                 ECC_Cache_System
  Operating conditions:   slow 
  Interconnect mode:      global
  Area mode:              physical library
============================================================


Path 1: MET (2917 ps) Late External Delay Assertion at pin data_out[15]
          Group: clk
     Startpoint: (R) codeword_reg_reg[10]/CK
          Clock: (R) clk
       Endpoint: (F) data_out[15]
          Clock: (R) clk

                     Capture       Launch     
        Clock Edge:+   10000            0     
       Src Latency:+       0            0     
       Net Latency:+       0 (I)        0 (I) 
           Arrival:=   10000            0     
                                              
      Output Delay:-    1000                  
       Uncertainty:-     100                  
     Required Time:=    8900                  
      Launch Clock:-       0                  
         Data Path:-    5983                  
             Slack:=    2917                  

Exceptions/Constraints:
  output_delay             1000            constraints_new.sdc_line_4_54_1 

#------------------------------------------------------------------------------------------------
#      Timing Point       Flags   Arc   Edge   Cell     Fanout Load Trans Delay Arrival Instance 
#                                                              (fF)  (ps)  (ps)   (ps)  Location 
#------------------------------------------------------------------------------------------------
  codeword_reg_reg[10]/CK -       -     R     (arrival)    276    -     0     0       0    (-,-) 
  codeword_reg_reg[10]/Q  -       CK->Q F     SDFFRHQX1      3 10.4   185   321     321    (-,-) 
  g25589__6131/Y          -       B->Y  R     XNOR2X1        1  5.0   102   249     570    (-,-) 
  g25560__1617/Y          -       B->Y  F     XOR2X1         1  5.0   111   215     785    (-,-) 
  g25551__4319/Y          -       B->Y  R     XOR2X1         1  5.0   103   188     973    (-,-) 
  g25544__2346/Y          -       B->Y  F     XOR2X1         1  5.0   111   215    1188    (-,-) 
  g25530__8246/Y          -       B->Y  R     XOR2X1         1  5.0   103   188    1376    (-,-) 
  g25526__1705/Y          -       B->Y  F     XOR2X1         1  5.0   111   215    1592    (-,-) 
  g25514__8428/Y          -       B->Y  R     XOR2X1         1  5.0   103   188    1780    (-,-) 
  g25502__9945/Y          -       B->Y  F     XOR2X1        10 28.2   482   408    2188    (-,-) 
  g25491__1881/Y          -       B->Y  F     OR2X1          8 22.0   379   411    2598    (-,-) 
  g25487__2802/Y          -       B->Y  R     NOR2X1         7 19.9   616   434    3033    (-,-) 
  g25437__8428/Y          -       A->Y  F     NOR2XL         4 12.6   422   438    3471    (-,-) 
  g25430/Y                -       A->Y  R     INVX1          1  4.4   140   197    3668    (-,-) 
  g25420__6260/Y          -       B0->Y F     OAI21XL        1  4.4   307   217    3884    (-,-) 
  g25351__5526/Y          -       B->Y  R     MXI2XL         3  9.4   547   379    4264    (-,-) 
  g25330__5115/Y          -       B1->Y F     OAI22XL        1  4.7   351   382    4646    (-,-) 
  g25302__5115/Y          -       A2->Y R     OAI33X1        1  4.4   384   280    4926    (-,-) 
  g25296__1617/Y          -       B0->Y F     OAI21XL        1  4.4   312   298    5224    (-,-) 
  g25291__5107/Y          -       B1->Y R     OAI22XL        1  5.0   351   256    5480    (-,-) 
  g25290__2398/Y          -       B->Y  F     XOR2X2         1 53.8   466   501    5981    (-,-) 
  data_out[15]            <<<     -     F     (port)         -    -     -     1    5983    (-,-) 
#------------------------------------------------------------------------------------------------

