============================================================
  Generated by:           Genus(TM) Synthesis Solution 21.14-s082_1
  Generated on:           May 12 2026  10:41:08 pm
  Module:                 ECC_Cache_System
  Operating conditions:   slow 
  Interconnect mode:      global
  Area mode:              physical library
============================================================

                               
   Gate    Instances    Area      Library   
--------------------------------------------
ADDHXL             2     9.576    gpdk045bc 
AND2X1            42    71.820    gpdk045bc 
AND2X2            13    26.676    gpdk045bc 
AND3XL            10    20.520    gpdk045bc 
AND4XL             4     9.576    gpdk045bc 
AO21X1             5    11.970    gpdk045bc 
AO21X2             3     8.208    gpdk045bc 
AO22XL            15    41.040    gpdk045bc 
AOI211XL          14    28.728    gpdk045bc 
AOI21XL           22    37.620    gpdk045bc 
AOI221X1          16    49.248    gpdk045bc 
AOI222X1          42   129.276    gpdk045bc 
AOI22X1           50   119.700    gpdk045bc 
AOI2BB1X1          7    14.364    gpdk045bc 
AOI31X1           13    26.676    gpdk045bc 
AOI32XL            1     2.736    gpdk045bc 
AOI33X1            7    19.152    gpdk045bc 
DFFRHQX2          34   267.444    gpdk045bc 
DFFRX2             4    34.200    gpdk045bc 
INVX1             96    66.485    gpdk045bc 
INVX2              1     1.043    gpdk045bc 
MX2XL              6    16.416    gpdk045bc 
MX3XL              5    23.940    gpdk045bc 
MXI2XL            13    31.122    gpdk045bc 
NAND2BX1          23    32.054    gpdk045bc 
NAND2BX4           1     3.497    gpdk045bc 
NAND2X1           67    69.888    gpdk045bc 
NAND2X4            1     3.420    gpdk045bc 
NAND3BXL           3     5.335    gpdk045bc 
NAND3X1            8    13.680    gpdk045bc 
NAND4BX1          24    57.456    gpdk045bc 
NAND4X1            3     6.156    gpdk045bc 
NOR2BX1            9    15.390    gpdk045bc 
NOR2XL            73    74.898    gpdk045bc 
NOR3BX1            2     4.104    gpdk045bc 
NOR3X1             9    15.390    gpdk045bc 
NOR4XL             4     8.208    gpdk045bc 
OA21X1             3     7.182    gpdk045bc 
OA21X2             1     3.078    gpdk045bc 
OA22X1             1     3.078    gpdk045bc 
OAI211X1          15    30.780    gpdk045bc 
OAI21XL           28    47.880    gpdk045bc 
OAI221X1          13    35.568    gpdk045bc 
OAI222X1           3     9.234    gpdk045bc 
OAI22XL           16    32.832    gpdk045bc 
OAI2BB1X1         35    71.820    gpdk045bc 
OAI31X1           12    24.624    gpdk045bc 
OAI32X1            8    21.888    gpdk045bc 
OAI33X1            3     8.208    gpdk045bc 
OR2X1             17    29.070    gpdk045bc 
OR2X2              1     2.052    gpdk045bc 
OR3X1              4     8.208    gpdk045bc 
OR4X1              9    21.546    gpdk045bc 
SDFFRHQX1        243  2326.968    gpdk045bc 
SDFFRXL            4    41.040    gpdk045bc 
XNOR2X1           61   187.758    gpdk045bc 
XOR2X1            54   166.212    gpdk045bc 
XOR2X2            15    51.300    gpdk045bc 
--------------------------------------------
total           1198  4507.338              


                                         
     Type      Instances   Area   Area % 
-----------------------------------------
sequential           285 2669.652   59.2 
inverter              97   67.528    1.5 
logic                816 1770.158   39.3 
physical_cells         0    0.000    0.0 
-----------------------------------------
total               1198 4507.338  100.0 

