============================================================
  Generated by:           Genus(TM) Synthesis Solution 21.14-s082_1
  Generated on:           May 12 2026  10:41:08 pm
  Module:                 ECC_Cache_System
  Operating conditions:   slow 
  Interconnect mode:      global
  Area mode:              physical library
============================================================

Timing
--------

Clock  Period 
--------------
clk   10000.0 


  Cost    Critical         Violating 
 Group   Path Slack  TNS     Paths   
-------------------------------------
clk          3060.0   0.0          0 
default    No paths   0.0            
-------------------------------------
Total                 0.0          0 

Instance Count
--------------
Leaf Instance Count             1198 
Physical Instance count            0 
Sequential Instance Count        285 
Combinational Instance Count     913 
Hierarchical Instance Count        0 

Area
----
Cell Area                          4507.338
Physical Cell Area                 0.000
Total Cell Area (Cell+Physical)    4507.338
Net Area                           1487.865
Total Area (Cell+Physical+Net)     5995.203

Max Fanout                         285 (clk)
Min Fanout                         0 (n_935)
Average Fanout                     2.9
Terms to net ratio                 4.1068
Terms to instance ratio            4.3022
Runtime                            58.21104 seconds
Elapsed Runtime                    71 seconds
Genus peak memory usage            1714.64 
Innovus peak memory usage          no_value 
Hostname                           vlsi11.blr.amrita.edu
