============================================================
  Generated by:           Genus(TM) Synthesis Solution 21.14-s082_1
  Generated on:           May 12 2026  10:41:07 pm
  Module:                 ECC_Cache_System
  Operating conditions:   slow 
  Interconnect mode:      global
  Area mode:              physical library
============================================================


Path 1: MET (3060 ps) Setup Check with Pin mode_manager_uncorr_count_reg[2]/CK->D
          Group: clk
     Startpoint: (R) codeword_reg_reg[20]/CK
          Clock: (R) clk
       Endpoint: (R) mode_manager_uncorr_count_reg[2]/D
          Clock: (R) clk

                     Capture       Launch     
        Clock Edge:+   10000            0     
       Src Latency:+       0            0     
       Net Latency:+       0 (I)        0 (I) 
           Arrival:=   10000            0     
                                              
             Setup:-     218                  
       Uncertainty:-     100                  
     Required Time:=    9682                  
      Launch Clock:-       0                  
         Data Path:-    6622                  
             Slack:=    3060                  

#------------------------------------------------------------------------------------------------------------
#           Timing Point             Flags    Arc   Edge   Cell     Fanout Load Trans Delay Arrival Instance 
#                                                                          (fF)  (ps)  (ps)   (ps)  Location 
#------------------------------------------------------------------------------------------------------------
  codeword_reg_reg[20]/CK            -       -      R     (arrival)    285    -     0     0       0    (-,-) 
  codeword_reg_reg[20]/QN            -       CK->QN F     SDFFRXL        6 18.4   556   578     578    (-,-) 
  g44223__5526/Y                     -       B->Y   R     XNOR2X1        2  8.1   146   370     948    (-,-) 
  g44136__1666/Y                     -       B->Y   F     XOR2X1         1  5.0   111   231    1179    (-,-) 
  g44119__8246/Y                     -       B->Y   R     XOR2X1         1  5.0   103   188    1367    (-,-) 
  g44100__2346/Y                     -       B->Y   R     XOR2X1        17 45.7   687   479    1846    (-,-) 
  g44091/Y                           -       A->Y   F     INVX1         10 27.2   496   489    2335    (-,-) 
  g43995__2398/Y                     -       A->Y   R     NOR2XL         4 12.3   670   499    2834    (-,-) 
  g43974/Y                           -       A->Y   F     INVX1          2  7.5   233   322    3157    (-,-) 
  g43709__1666/Y                     -       C0->Y  R     AOI222X1       1  4.6   314   232    3389    (-,-) 
  g43661__7410/Y                     -       C0->Y  F     OAI211X1       1  4.6   306   272    3660    (-,-) 
  g43623__7410/Y                     -       C->Y   R     NOR3X1         1  4.7   275   228    3888    (-,-) 
  g43608__5526/Y                     -       C0->Y  F     OAI221X1       1  4.4   319   269    4157    (-,-) 
  g43587__5122/Y                     -       D->Y   F     OR4X1          1  4.4   128   318    4475    (-,-) 
  g43582__6417/Y                     -       C0->Y  R     AOI211XL       1  4.6   436   264    4738    (-,-) 
  g43581__9315/Y                     -       C0->Y  F     OAI211X1       1  4.4   304   311    5049    (-,-) 
  g43577__7482/Y                     -       D->Y   R     NOR4XL         1  4.7   601   386    5435    (-,-) 
  g43576__1881/Y                     -       B0->Y  F     AOI31X1        4 12.7   670   343    5777    (-,-) 
  g43569__1705/Y                     -       B->Y   R     NOR2BX1        1  4.7   247   307    6084    (-,-) 
  g43568__1617/Y                     -       B->Y   F     NAND2BX1       3 10.1   356   268    6352    (-,-) 
  g43560__5107/Y                     -       A2->Y  R     OAI32X1        1  4.4   324   269    6622    (-,-) 
  mode_manager_uncorr_count_reg[2]/D <<<     -      R     DFFRX2         1    -     -     0    6622    (-,-) 
#------------------------------------------------------------------------------------------------------------

