============================================================
  Generated by:           Genus(TM) Synthesis Solution 21.14-s082_1
  Generated on:           May 12 2026  10:34:17 pm
  Module:                 ECC_Cache_System
  Operating conditions:   slow 
  Interconnect mode:      global
  Area mode:              physical library
============================================================

                               
   Gate    Instances    Area      Library   
--------------------------------------------
ADDHXL             4    19.152    gpdk045bc 
AND2X1            38    64.980    gpdk045bc 
AND2X2            13    26.676    gpdk045bc 
AND3XL             1     2.052    gpdk045bc 
AND4XL             1     2.394    gpdk045bc 
AO21X1             5    11.970    gpdk045bc 
AO21X2             1     2.736    gpdk045bc 
AO22XL            21    57.456    gpdk045bc 
AOI211XL          10    20.520    gpdk045bc 
AOI21XL           21    35.910    gpdk045bc 
AOI221X1          18    55.404    gpdk045bc 
AOI222X1          41   126.198    gpdk045bc 
AOI22X1           54   129.276    gpdk045bc 
AOI2BB1X1          8    16.416    gpdk045bc 
AOI31X1           14    28.728    gpdk045bc 
AOI32XL            4    10.944    gpdk045bc 
AOI33X1            7    19.152    gpdk045bc 
DFFRHQX2          35   275.310    gpdk045bc 
DFFRX2             3    25.650    gpdk045bc 
INVX1            110    76.180    gpdk045bc 
INVX2              2     2.086    gpdk045bc 
MX2XL              9    24.624    gpdk045bc 
MX3XL              3    14.364    gpdk045bc 
MXI2XL            14    33.516    gpdk045bc 
NAND2BX1          20    27.873    gpdk045bc 
NAND2BX4           1     3.497    gpdk045bc 
NAND2X1           92    95.965    gpdk045bc 
NAND2X4            1     3.420    gpdk045bc 
NAND3BXL           7    12.449    gpdk045bc 
NAND3X1            2     3.420    gpdk045bc 
NAND4BX1          25    59.850    gpdk045bc 
NAND4X1            4     8.208    gpdk045bc 
NOR2BX1           13    22.230    gpdk045bc 
NOR2XL            84    86.184    gpdk045bc 
NOR3BX1            2     4.104    gpdk045bc 
NOR3X1             6    10.260    gpdk045bc 
NOR4BBX1           1     3.078    gpdk045bc 
NOR4XL             3     6.156    gpdk045bc 
OA21X1             6    14.364    gpdk045bc 
OA21X2             1     3.078    gpdk045bc 
OAI211X1          19    38.988    gpdk045bc 
OAI21XL           38    64.980    gpdk045bc 
OAI221X1          12    32.832    gpdk045bc 
OAI222X1          12    36.936    gpdk045bc 
OAI22XL           32    65.664    gpdk045bc 
OAI2BB1X1         36    73.872    gpdk045bc 
OAI31X1           15    30.780    gpdk045bc 
OAI32X1            6    16.416    gpdk045bc 
OAI33X1            5    13.680    gpdk045bc 
OR2X1             30    51.300    gpdk045bc 
OR2X2              1     2.052    gpdk045bc 
OR2XL              3     5.130    gpdk045bc 
OR3X1              1     2.052    gpdk045bc 
OR4X1              4     9.576    gpdk045bc 
SDFFRHQX1        241  2307.816    gpdk045bc 
SDFFRXL            6    61.560    gpdk045bc 
XNOR2X1           44   135.432    gpdk045bc 
XNOR2X4            3    12.312    gpdk045bc 
XOR2X1            62   190.836    gpdk045bc 
XOR2X2            19    64.980    gpdk045bc 
--------------------------------------------
total           1294  4663.025              


                                         
     Type      Instances   Area   Area % 
-----------------------------------------
sequential           285 2670.336   57.3 
inverter             112   78.267    1.7 
logic                897 1914.422   41.1 
physical_cells         0    0.000    0.0 
-----------------------------------------
total               1294 4663.025  100.0 

