============================================================
  Generated by:           Genus(TM) Synthesis Solution 21.14-s082_1
  Generated on:           May 12 2026  10:34:17 pm
  Module:                 ECC_Cache_System
  Operating conditions:   slow 
  Interconnect mode:      global
  Area mode:              physical library
============================================================

Timing
--------

Clock  Period 
--------------
clk   10000.0 


  Cost    Critical         Violating 
 Group   Path Slack  TNS     Paths   
-------------------------------------
clk          3145.3   0.0          0 
default    No paths   0.0            
-------------------------------------
Total                 0.0          0 

Instance Count
--------------
Leaf Instance Count             1294 
Physical Instance count            0 
Sequential Instance Count        285 
Combinational Instance Count    1009 
Hierarchical Instance Count        0 

Area
----
Cell Area                          4663.025
Physical Cell Area                 0.000
Total Cell Area (Cell+Physical)    4663.025
Net Area                           1602.912
Total Area (Cell+Physical+Net)     6265.937

Max Fanout                         285 (clk)
Min Fanout                         0 (n_1030)
Average Fanout                     2.9
Terms to net ratio                 4.0791
Terms to instance ratio            4.2620
Runtime                            62.72631799999999 seconds
Elapsed Runtime                    81 seconds
Genus peak memory usage            1761.60 
Innovus peak memory usage          no_value 
Hostname                           vlsi11.blr.amrita.edu
