============================================================
  Generated by:           Genus(TM) Synthesis Solution 21.14-s082_1
  Generated on:           May 12 2026  10:34:17 pm
  Module:                 ECC_Cache_System
  Operating conditions:   slow 
  Interconnect mode:      global
  Area mode:              physical library
============================================================


Path 1: MET (3145 ps) Setup Check with Pin mode_manager_small_count_reg[1]/CK->D
          Group: clk
     Startpoint: (R) codeword_reg_reg[10]/CK
          Clock: (R) clk
       Endpoint: (R) mode_manager_small_count_reg[1]/D
          Clock: (R) clk

                     Capture       Launch     
        Clock Edge:+   10000            0     
       Src Latency:+       0            0     
       Net Latency:+       0 (I)        0 (I) 
           Arrival:=   10000            0     
                                              
             Setup:-     193                  
       Uncertainty:-     100                  
     Required Time:=    9707                  
      Launch Clock:-       0                  
         Data Path:-    6561                  
             Slack:=    3145                  

#-----------------------------------------------------------------------------------------------------------
#           Timing Point            Flags    Arc   Edge   Cell     Fanout Load Trans Delay Arrival Instance 
#                                                                         (fF)  (ps)  (ps)   (ps)  Location 
#-----------------------------------------------------------------------------------------------------------
  codeword_reg_reg[10]/CK           -       -      R     (arrival)    285    -     0     0       0    (-,-) 
  codeword_reg_reg[10]/QN           -       CK->QN F     SDFFRXL        3 10.6   326   462     462    (-,-) 
  g51519__5526/Y                    -       B->Y   R     XOR2X1         2  8.1   146   275     737    (-,-) 
  g51461__8428/Y                    -       B->Y   F     XOR2X1         1  5.0   111   231     968    (-,-) 
  g51444__7482/Y                    -       B->Y   R     XOR2X1         1  5.0   103   188    1156    (-,-) 
  g51429__5122/Y                    -       B->Y   F     XOR2X1        16 43.7   735   536    1692    (-,-) 
  g51423/Y                          -       A->Y   R     INVX1         15 40.4   635   568    2259    (-,-) 
  g51391__6260/Y                    -       B->Y   F     NOR2XL         4 12.4   411   438    2697    (-,-) 
  g51357__1881/Y                    -       B->Y   R     NOR2XL         2  7.2   417   339    3036    (-,-) 
  g51055__2398/Y                    -       A0->Y  F     OAI22XL        1  4.7   349   363    3399    (-,-) 
  g50995__1705/Y                    -       C0->Y  R     AOI221X1       1  4.4   291   253    3652    (-,-) 
  g50942__5122/Y                    -       B1->Y  F     OAI22XL        1  4.7   343   282    3935    (-,-) 
  g50919__6417/Y                    -       B0->Y  R     AOI31X1        1  4.7   205   208    4142    (-,-) 
  g50894__6417/Y                    -       B0->Y  F     OAI31X1        1  4.7   216   186    4328    (-,-) 
  g50806__2802/Y                    -       B1->Y  R     AOI221X1       1  4.7   303   242    4570    (-,-) 
  g50801__2398/Y                    -       C0->Y  F     OAI221X1       1  4.9   343   290    4860    (-,-) 
  g50798__2883/Y                    -       B->Y   F     XNOR2X1        2  7.2   145   272    5131    (-,-) 
  g50795__9315/Y                    -       AN->Y  F     NOR3BX1        1  4.4   111   141    5273    (-,-) 
  g50793__4733/Y                    -       B->Y   F     AND2X1         2  6.9   128   146    5418    (-,-) 
  g50791__5115/Y                    -       AN->Y  F     NAND2BX1       3  9.4   328   258    5677    (-,-) 
  g50788__7098/Y                    -       B->Y   R     NOR2XL         3  9.9   542   382    6058    (-,-) 
  g3/Y                              -       B->Y   F     NAND2X1        1  4.4   229   274    6332    (-,-) 
  g2/Y                              -       A->Y   R     MXI2XL         1  4.6   287   229    6561    (-,-) 
  mode_manager_small_count_reg[1]/D <<<     -      R     DFFRHQX2       1    -     -     0    6561    (-,-) 
#-----------------------------------------------------------------------------------------------------------

